 Image us-east-boston-backend Building 
 Image us-east-boston-machine Building 
 Image us-east-boston-frontend Building 
#1 [internal] load local bake definitions
#1 reading from stdin 1.60kB done
#1 DONE 0.0s

#2 [frontend internal] load build definition from Dockerfile
#2 transferring dockerfile: 198B done
#2 DONE 0.0s

#3 [machine internal] load build definition from Dockerfile
#3 transferring dockerfile: 538B done
#3 DONE 0.1s

#4 [backend internal] load metadata for docker.io/library/python:3.12-slim
#4 DONE 0.0s

#5 [machine internal] load .dockerignore
#5 transferring context: 2B done
#5 DONE 0.0s

#6 [frontend internal] load metadata for docker.io/library/node:20-alpine
#6 DONE 0.2s

#7 [backend 1/9] FROM docker.io/library/python:3.12-slim@sha256:3d5ed973e45820f5ba5e46bd065bd88b3a504ff0724d85980dcd05eab361fcf4
#7 resolve docker.io/library/python:3.12-slim@sha256:3d5ed973e45820f5ba5e46bd065bd88b3a504ff0724d85980dcd05eab361fcf4 0.0s done
#7 DONE 0.0s

#8 [machine internal] load build context
#8 transferring context: 7.35kB done
#8 DONE 0.0s

#9 [backend 8/9] RUN chmod +x /entrypoint.sh
#9 CACHED

#10 [backend 2/9] WORKDIR /app
#10 CACHED

#11 [backend 3/9] RUN apt-get update && apt-get install -y     libpq-dev gcc     && rm -rf /var/lib/apt/lists/*
#11 CACHED

#12 [backend 6/9] COPY codepop_backend/ .
#12 CACHED

#13 [backend 4/9] COPY requirements.txt .
#13 CACHED

#14 [backend 5/9] RUN pip install --no-cache-dir -r requirements.txt
#14 CACHED

#15 [backend 7/9] COPY codepop_backend/entrypoint.sh /entrypoint.sh
#15 CACHED

#16 [machine 9/9] RUN mkdir -p /data
#16 CACHED

#17 [machine] exporting to image
#17 exporting layers done
#17 ...

#18 [frontend 1/5] FROM docker.io/library/node:20-alpine@sha256:f598378b5240225e6beab68fa9f356db1fb8efe55173e6d4d8153113bb8f333c
#18 resolve docker.io/library/node:20-alpine@sha256:f598378b5240225e6beab68fa9f356db1fb8efe55173e6d4d8153113bb8f333c 0.1s done
#18 DONE 0.1s

#19 [frontend internal] load .dockerignore
#19 transferring context: 2B done
#19 DONE 0.0s

#17 [machine] exporting to image
#17 exporting manifest sha256:aaec96d8ac5490f87628c98c58979703211f11cfff463556803a13ad78801621 0.1s done
#17 exporting config sha256:a724cfb77f4b3c5df304a7608178fb4174a0f94e8352dc86002989fb8c9fd1f0 0.1s done
#17 exporting attestation manifest sha256:21d97fb98913f0a1b0ed540fd208c25742323fa52f434348b4b87f0eeb3b1bf7 0.1s done
#17 exporting manifest list sha256:8d256aeeee99a05c2f7e917d04bf6ac7bf5cf48225d622d6dd94e41812e234aa
#17 exporting manifest list sha256:8d256aeeee99a05c2f7e917d04bf6ac7bf5cf48225d622d6dd94e41812e234aa 0.1s done
#17 naming to docker.io/library/us-east-boston-machine:latest 0.0s done
#17 unpacking to docker.io/library/us-east-boston-machine:latest 0.0s done
#17 DONE 0.5s

#20 [backend] exporting to image
#20 exporting layers done
#20 exporting manifest sha256:7dde065310078df021a9ac0b5835e6663d341222252bf699a05bcb3b862f266f 0.1s done
#20 exporting config sha256:a85c0af873776d6930a6ed5c186158615158cb229c81c0065ed7af5af110d77c 0.1s done
#20 exporting attestation manifest sha256:26b9698b99944680bd51751563b05504dc67c3e59714fea0f029225f3ee42893 0.1s done
#20 exporting manifest list sha256:95f476ed4b50c4c803a848d4b2fb6cc57726073d1703deeccd41abde147d162e 0.1s done
#20 naming to docker.io/library/us-east-boston-backend:latest 0.0s done
#20 unpacking to docker.io/library/us-east-boston-backend:latest 0.0s done
#20 DONE 0.5s

#21 [frontend internal] load build context
#21 ...

#22 [machine] resolving provenance for metadata file
#22 DONE 0.0s

#23 [backend] resolving provenance for metadata file
#23 DONE 0.0s

#21 [frontend internal] load build context
#21 transferring context: 2.03MB 0.6s done
#21 DONE 1.7s

#24 [frontend 4/5] RUN npm install
#24 CACHED

#25 [frontend 5/5] COPY . .
#25 DONE 27.6s

#26 [frontend] exporting to image
#26 exporting layers 8.4s done
#26 exporting manifest sha256:49b841115e8d7a58b702530848a5e4a6659df8fd2dff93ba284cacee05c25df7
#26 exporting manifest sha256:49b841115e8d7a58b702530848a5e4a6659df8fd2dff93ba284cacee05c25df7 0.4s done
#26 exporting config sha256:531b8187de8efa9c65791799ae63e7022dfe6bae9ca0f62bc43433b96cc3f57a
#26 exporting config sha256:531b8187de8efa9c65791799ae63e7022dfe6bae9ca0f62bc43433b96cc3f57a 0.4s done
#26 exporting attestation manifest sha256:ff9c80d694df61df67001505ee582e61b6a489357c047a28a5e50aeb228ee47a
#26 exporting attestation manifest sha256:ff9c80d694df61df67001505ee582e61b6a489357c047a28a5e50aeb228ee47a 0.8s done
#26 exporting manifest list sha256:fdfc9a090bd98f6f159bff1b051242b3d2512654179d097abce845935adb580e
#26 exporting manifest list sha256:fdfc9a090bd98f6f159bff1b051242b3d2512654179d097abce845935adb580e 0.2s done
#26 naming to docker.io/library/us-east-boston-frontend:latest
#26 naming to docker.io/library/us-east-boston-frontend:latest 0.0s done
#26 unpacking to docker.io/library/us-east-boston-frontend:latest
#26 unpacking to docker.io/library/us-east-boston-frontend:latest 17.9s done
#26 DONE 28.9s

#27 [frontend] resolving provenance for metadata file
#27 DONE 2.1s
 Image us-east-boston-machine Built 
 Image us-east-boston-backend Built 
 Image us-east-boston-frontend Built 
 Container us-east-boston-machine-1 Recreate 
 Container us-east-boston-machine-1 Recreated 
 Container us-east-boston-backend-1 Recreate 
 Container us-east-boston-backend-1 Recreated 
 Container us-east-boston-frontend-1 Recreate 
 Container us-east-boston-frontend-1 Recreated 
Attaching to backend-1, db-1, frontend-1, machine-1, nginx-1
 Container us-east-boston-db-1 Starting 
 Container us-east-boston-machine-1 Starting 
 Container us-east-boston-db-1 Started 
db-1  | 
db-1  | PostgreSQL Database directory appears to contain a database; Skipping initialization
db-1  | 
 Container us-east-boston-machine-1 Started 
 Container us-east-boston-db-1 Waiting 
db-1  | 2026-04-15 03:40:04.811 UTC [1] LOG:  starting PostgreSQL 16.13 on x86_64-pc-linux-musl, compiled by gcc (Alpine 15.2.0) 15.2.0, 64-bit
db-1  | 2026-04-15 03:40:04.811 UTC [1] LOG:  listening on IPv4 address "0.0.0.0", port 5432
db-1  | 2026-04-15 03:40:04.811 UTC [1] LOG:  listening on IPv6 address "::", port 5432
db-1  | 2026-04-15 03:40:04.849 UTC [1] LOG:  listening on Unix socket "/var/run/postgresql/.s.PGSQL.5432"
db-1  | 2026-04-15 03:40:04.906 UTC [29] LOG:  database system was shut down at 2026-04-15 03:38:20 UTC
db-1  | 2026-04-15 03:40:04.934 UTC [1] LOG:  database system is ready to accept connections
machine-1  | Machine: Starting in TEST MODE (Manual fault injected) on port 9050
machine-1  | Pseudo machine server started on port 9050 (Test Mode: True)
 Compose Stopping Gracefully Stopping... press Ctrl+C again to force
 Container us-east-boston-nginx-1 Stopping 
 Container us-east-boston-nginx-1 Stopped 
 Container us-east-boston-frontend-1 Stopping 
 Container us-east-boston-frontend-1 Stopped 
 Container us-east-boston-backend-1 Stopping 
 Container us-east-boston-backend-1 Stopped 
 Container us-east-boston-machine-1 Stopping 
 Container us-east-boston-db-1 Stopping 
 Container us-east-boston-db-1 Stopped 
 Container us-east-boston-db-1 Error dependency db failed to start
 Container us-east-boston-machine-1 Stopped 

