 Image us-east-1-backend Building 
 Image us-east-1-machine Building 
 Image us-east-1-frontend Building 
#1 [internal] load local bake definitions
#1 reading from stdin 1.57kB done
#1 DONE 0.0s

#2 [backend internal] load build definition from Dockerfile
#2 transferring dockerfile: 538B done
#2 DONE 0.0s

#3 [frontend internal] load build definition from Dockerfile
#3 transferring dockerfile: 198B done
#3 DONE 0.1s

#4 [machine internal] load metadata for docker.io/library/python:3.12-slim
#4 DONE 0.1s

#5 [backend internal] load .dockerignore
#5 transferring context:
#5 transferring context: 2B done
#5 DONE 0.0s

#6 [backend 1/9] FROM docker.io/library/python:3.12-slim@sha256:3d5ed973e45820f5ba5e46bd065bd88b3a504ff0724d85980dcd05eab361fcf4
#6 resolve docker.io/library/python:3.12-slim@sha256:3d5ed973e45820f5ba5e46bd065bd88b3a504ff0724d85980dcd05eab361fcf4 0.0s done
#6 DONE 0.0s

#7 [backend internal] load build context
#7 transferring context: 7.35kB done
#7 DONE 0.0s

#8 [frontend 1/5] FROM docker.io/library/node:20-alpine@sha256:f598378b5240225e6beab68fa9f356db1fb8efe55173e6d4d8153113bb8f333c
#8 resolve docker.io/library/node:20-alpine@sha256:f598378b5240225e6beab68fa9f356db1fb8efe55173e6d4d8153113bb8f333c 0.1s done
#8 DONE 0.1s

#9 [backend 7/9] COPY codepop_backend/entrypoint.sh /entrypoint.sh
#9 CACHED

#10 [backend 2/9] WORKDIR /app
#10 CACHED

#11 [backend 5/9] RUN pip install --no-cache-dir -r requirements.txt
#11 CACHED

#12 [backend 6/9] COPY codepop_backend/ .
#12 CACHED

#13 [backend 4/9] COPY requirements.txt .
#13 CACHED

#14 [backend 8/9] RUN chmod +x /entrypoint.sh
#14 CACHED

#15 [backend 3/9] RUN apt-get update && apt-get install -y     libpq-dev gcc     && rm -rf /var/lib/apt/lists/*
#15 CACHED

#16 [machine 9/9] RUN mkdir -p /data
#16 CACHED

#17 [frontend internal] load metadata for docker.io/library/node:20-alpine
#17 DONE 0.2s

#18 [frontend internal] load .dockerignore
#18 transferring context: 2B done
#18 DONE 0.0s

#19 [frontend internal] load build context
#19 ...

#20 [machine] exporting to image
#20 exporting layers done
#20 exporting manifest sha256:ed10f56f705648f19358ec4a8f00c3d85501c6f0c9a838d000f3dfe3bf5ce930 0.1s done
#20 exporting config sha256:3fb9d1c08cf0026164dec02705f223769e029536bd1687feb7154fcc53749b04 0.1s done
#20 exporting attestation manifest sha256:caabfe48b2bd5d71b3747b38a4ac0d5f5b1ec7489c8a64f6a7c2e088dc3f6ad7 0.1s done
#20 exporting manifest list sha256:db32c626233d38d7e038febc295e12360793a65abf3c648b364fabae2991ed8f 0.1s done
#20 naming to docker.io/library/us-east-1-machine:latest 0.0s done
#20 unpacking to docker.io/library/us-east-1-machine:latest 0.0s done
#20 DONE 0.5s

#21 [backend] exporting to image
#21 exporting layers done
#21 exporting manifest sha256:688f3272e236b061a9baa8afab7a21940fcbf92b6b396809784245246e1e50f4 0.1s done
#21 exporting config sha256:9360c031ebb923d0f7d6dbf43b3b14c3ab302059003612fd9172b87a5144a8b7 0.1s done
#21 exporting attestation manifest sha256:da718c900a2d2086136960c6e2a7cc36c3ed7b2f5b5a057cc08d0cf38d1c4421 0.1s done
#21 exporting manifest list sha256:cf111fde6351c6c2c828a34d01ce0214b732e361a3063def2cbdd7a121ffa141 0.1s done
#21 naming to docker.io/library/us-east-1-backend:latest 0.0s done
#21 unpacking to docker.io/library/us-east-1-backend:latest 0.0s done
#21 DONE 0.5s

#19 [frontend internal] load build context
#19 transferring context: 2.03MB 0.6s done
#19 DONE 0.6s

#22 [frontend 4/5] RUN npm install
#22 CACHED

#23 [frontend 5/5] COPY . .
#23 DONE 27.6s

#24 [frontend] exporting to image
#24 ...

#25 [backend] resolving provenance for metadata file
#25 DONE 0.1s

#26 [machine] resolving provenance for metadata file
#26 DONE 0.1s

#24 [frontend] exporting to image
#24 exporting layers 15.4s done
#24 exporting manifest sha256:c9f13f5b9f95d7d6d04c0a9b4e4abf8ca856ce82b4798ecb37882db87cdb185c
#24 exporting manifest sha256:c9f13f5b9f95d7d6d04c0a9b4e4abf8ca856ce82b4798ecb37882db87cdb185c 0.4s done
#24 exporting config sha256:cd45974f63e6719171184dfd9c2e385fbf1969e8dea6f8bf91dad830fffd47be
#24 exporting config sha256:cd45974f63e6719171184dfd9c2e385fbf1969e8dea6f8bf91dad830fffd47be 0.4s done
#24 exporting attestation manifest sha256:5bdbe06f2cdc903049396e2092d87bed785827a51785154c8509685cc772b653
#24 exporting attestation manifest sha256:5bdbe06f2cdc903049396e2092d87bed785827a51785154c8509685cc772b653 0.7s done
#24 exporting manifest list sha256:bd877fe5b7415d5026b8a6cfeaef1fdf35d05616a7d02a43bc70d9fedf83f6ca
#24 exporting manifest list sha256:bd877fe5b7415d5026b8a6cfeaef1fdf35d05616a7d02a43bc70d9fedf83f6ca 0.5s done
#24 naming to docker.io/library/us-east-1-frontend:latest
#24 naming to docker.io/library/us-east-1-frontend:latest 0.1s done
#24 unpacking to docker.io/library/us-east-1-frontend:latest
#24 unpacking to docker.io/library/us-east-1-frontend:latest 17.5s done
#24 DONE 35.3s

#27 [frontend] resolving provenance for metadata file
#27 DONE 2.4s
 Image us-east-1-frontend Built 
 Image us-east-1-machine Built 
 Image us-east-1-backend Built 
 Container us-east-1-machine-1 Recreate 
 Container us-east-1-machine-1 Recreated 
 Container us-east-1-backend-1 Recreate 
 Container us-east-1-backend-1 Recreated 
 Container us-east-1-frontend-1 Recreate 
 Container us-east-1-frontend-1 Recreated 
Attaching to backend-1, db-1, frontend-1, machine-1, nginx-1
 Container us-east-1-db-1 Starting 
 Container us-east-1-machine-1 Starting 
 Container us-east-1-db-1 Started 
db-1  | 
db-1  | PostgreSQL Database directory appears to contain a database; Skipping initialization
db-1  | 
db-1  | 2026-04-15 03:40:05.742 UTC [1] LOG:  starting PostgreSQL 16.13 on x86_64-pc-linux-musl, compiled by gcc (Alpine 15.2.0) 15.2.0, 64-bit
db-1  | 2026-04-15 03:40:05.742 UTC [1] LOG:  listening on IPv4 address "0.0.0.0", port 5432
db-1  | 2026-04-15 03:40:05.742 UTC [1] LOG:  listening on IPv6 address "::", port 5432
db-1  | 2026-04-15 03:40:05.759 UTC [1] LOG:  listening on Unix socket "/var/run/postgresql/.s.PGSQL.5432"
db-1  | 2026-04-15 03:40:05.787 UTC [30] LOG:  database system was shut down at 2026-04-15 03:38:20 UTC
db-1  | 2026-04-15 03:40:05.805 UTC [1] LOG:  database system is ready to accept connections
 Container us-east-1-machine-1 Started 
 Container us-east-1-db-1 Waiting 
machine-1  | Machine: Starting in TEST MODE (Manual fault injected) on port 9050
machine-1  | Pseudo machine server started on port 9050 (Test Mode: True)
 Compose Stopping Gracefully Stopping... press Ctrl+C again to force
 Container us-east-1-nginx-1 Stopping 
 Container us-east-1-nginx-1 Stopped 
 Container us-east-1-frontend-1 Stopping 
 Container us-east-1-frontend-1 Stopped 
 Container us-east-1-backend-1 Stopping 
 Container us-east-1-backend-1 Stopped 
 Container us-east-1-db-1 Stopping 
 Container us-east-1-machine-1 Stopping 
 Container us-east-1-db-1 Stopped 
 Container us-east-1-db-1 Error dependency db failed to start
 Container us-east-1-machine-1 Stopped 

